// Jest Snapshot v1, https://goo.gl/fbAQLP

exports[`matches snapshot 1`] = `
<tr>
  <th>
    Mission
  </th>
  <th>
    Description
  </th>
  <th>
    Status
  </th>
</tr>
`;
