// Jest Snapshot v1, https://goo.gl/fbAQLP

exports[`check if rockets matches the snapshot 1`] = `null`;
